pandoc 
  to: html
  output-file: report.html
  standalone: true
  embed-resources: true
  section-divs: true
  html-math-method: mathml
  wrap: none
  default-image-extension: png
  toc: true
  toc-depth: 2
  number-sections: true
  css:
    - styles.css
  
metadata
  document-css: false
  link-citations: true
  date-format: long
  lang: en
  title: Tracking Accuracy and Robustness of a Planar Two-DOF Robot Arm
  subtitle: A Reproducible Comparison of PID, Gravity Compensation, and Computed Torque Control
  date: '2026-09-17'
  theme: cosmo
  
Output created: report.html

