pandoc 
  to: typst
  output-file: report.typ
  standalone: true
  default-image-extension: svg
  wrap: none
  citeproc: false
  toc: false
  number-sections: true
  
metadata
  section-numbering: 1.1.a
  title: Tracking Accuracy and Robustness of a Planar Two-DOF Robot Arm
  subtitle: A Reproducible Comparison of PID, Gravity Compensation, and Computed Torque Control
  lang: en
  date: '2026-09-17'
  mainfont: Arial
  fontsize: 10pt
  papersize: a4
  margin:
    x: 19mm
    'y': 18mm
  
[typst]: Compiling report.typ to report.pdf...DONE

Output created: report.pdf

